31.3.2025, 12:26:34 - /
31.3.2025, 12:28:25 - /
31.3.2025, 12:28:27 - /
31.3.2025, 12:28:30 - /
31.3.2025, 12:28:32 - /
31.3.2025, 12:39:46 - /
31.3.2025, 12:40:16 - /
31.3.2025, 12:40:16 - /styles.css
31.3.2025, 12:40:16 - /assets/js/index.js
31.3.2025, 12:40:16 - /assets/images/VMS_Icon.jpg
31.3.2025, 12:40:16 - /assets/js/elements.js
31.3.2025, 12:40:16 - /assets/js/addCar.js
31.3.2025, 12:40:16 - /assets/js/addUser.js
31.3.2025, 12:40:16 - /assets/js/logIn.js
31.3.2025, 12:40:16 - /assets/js/helpers/displayCars.js
31.3.2025, 12:40:16 - /assets/js/helpers/applyFilters.js
31.3.2025, 12:40:16 - /assets/js/helpers/populateFilters.js
31.3.2025, 12:40:16 - /assets/js/components/selectbox.js
31.3.2025, 12:40:16 - /assets/js/components/inputData.js
31.3.2025, 12:40:16 - /assets/js/components/checkboxes.js
31.3.2025, 12:40:16 - /assets/js/golbalData.js
31.3.2025, 12:40:16 - /assets/js/dom.js
31.3.2025, 12:40:16 - /assets/json/sample_cars.json
31.3.2025, 12:40:16 - /assets/images/bmw-5er.jpg
31.3.2025, 12:40:16 - /assets/images/volkswagen-polo.jpg
31.3.2025, 12:40:16 - /assets/images/volkswagen-golf.jpg
31.3.2025, 12:40:16 - /assets/images/audi-a4.jpg
31.3.2025, 12:40:16 - /assets/images/mercedes-benz-c-klasse.jpg
31.3.2025, 12:40:16 - /assets/images/audi-a3.jpg
31.3.2025, 12:40:16 - /assets/images/audi-a4_nnn.jpg
31.3.2025, 12:40:16 - /assets/images/ford-mustang.jpg
31.3.2025, 12:40:16 - /assets/images/audi-a4-black.jpg
31.3.2025, 12:40:16 - /assets/images/ford-focus-blue.jpg
31.3.2025, 12:40:16 - /assets/images/mercedes-benz-e-klasse.jpg
31.3.2025, 12:40:16 - /assets/images/ford-mustang_nnn.jpg
31.3.2025, 12:40:16 - /assets/images/ford-fiesta.jpg
31.3.2025, 12:40:16 - /assets/images/volkswagen-golf-red.jpg
31.3.2025, 12:40:16 - /assets/images/mercedes-benz-s-klasse.jpg
31.3.2025, 12:40:16 - /assets/images/mercedes-benz-glc.jpg
31.3.2025, 12:40:16 - /assets/images/bmw-x3.jpg
31.3.2025, 12:40:16 - /assets/images/volkswagen-passat.jpg
31.3.2025, 12:40:16 - /assets/images/mercedes-benz-glc-red.jpg
31.3.2025, 12:40:16 - /assets/images/87cc2be037c24032.jpg
31.3.2025, 12:40:16 - /assets/images/vw_passat.jpg
31.3.2025, 12:40:40 - /assets/json/users.json
31.3.2025, 12:52:10 - /
31.3.2025, 12:52:10 - /styles.css
31.3.2025, 12:52:10 - /assets/js/index.js
31.3.2025, 12:52:10 - /assets/js/elements.js
31.3.2025, 12:52:10 - /assets/js/addCar.js
31.3.2025, 12:52:10 - /assets/js/addUser.js
31.3.2025, 12:52:10 - /assets/js/logIn.js
31.3.2025, 12:52:10 - /assets/js/helpers/displayCars.js
31.3.2025, 12:52:10 - /assets/js/helpers/applyFilters.js
31.3.2025, 12:52:10 - /assets/js/helpers/populateFilters.js
31.3.2025, 12:52:10 - /assets/js/components/selectbox.js
31.3.2025, 12:52:10 - /assets/js/components/inputData.js
31.3.2025, 12:52:10 - /assets/js/components/checkboxes.js
31.3.2025, 12:52:10 - /assets/js/golbalData.js
31.3.2025, 12:52:10 - /assets/js/dom.js
31.3.2025, 12:52:10 - /assets/images/VMS_Icon.jpg
31.3.2025, 12:52:10 - /assets/json/sample_cars.json
31.3.2025, 12:52:10 - /assets/images/bmw-5er.jpg
31.3.2025, 12:52:10 - /assets/images/volkswagen-polo.jpg
31.3.2025, 12:52:10 - /assets/images/volkswagen-golf.jpg
31.3.2025, 12:52:10 - /assets/images/audi-a4.jpg
31.3.2025, 12:52:10 - /assets/images/mercedes-benz-c-klasse.jpg
31.3.2025, 12:52:10 - /assets/images/audi-a3.jpg
31.3.2025, 12:52:10 - /assets/images/audi-a4_nnn.jpg
31.3.2025, 12:52:10 - /assets/images/ford-mustang.jpg
31.3.2025, 12:52:10 - /assets/images/audi-a4-black.jpg
31.3.2025, 12:52:10 - /assets/images/mercedes-benz-e-klasse.jpg
31.3.2025, 12:52:10 - /assets/images/ford-focus-blue.jpg
31.3.2025, 12:52:10 - /assets/images/ford-fiesta.jpg
31.3.2025, 12:52:10 - /assets/images/ford-mustang_nnn.jpg
31.3.2025, 12:52:10 - /assets/images/volkswagen-golf-red.jpg
31.3.2025, 12:52:10 - /assets/images/mercedes-benz-s-klasse.jpg
31.3.2025, 12:52:10 - /assets/images/mercedes-benz-glc.jpg
31.3.2025, 12:52:10 - /assets/images/volkswagen-passat.jpg
31.3.2025, 12:52:10 - /assets/images/bmw-x3.jpg
31.3.2025, 12:52:10 - /assets/images/mercedes-benz-glc-red.jpg
31.3.2025, 12:52:10 - /assets/images/87cc2be037c24032.jpg
31.3.2025, 12:52:10 - /assets/images/vw_passat.jpg
31.3.2025, 12:52:24 - /assets/json/users.json
31.3.2025, 12:53:12 - /
31.3.2025, 12:53:12 - /assets/js/index.js
31.3.2025, 12:53:12 - /styles.css
31.3.2025, 12:53:12 - /assets/js/addCar.js
31.3.2025, 12:53:12 - /assets/js/addUser.js
31.3.2025, 12:53:12 - /assets/js/logIn.js
31.3.2025, 12:53:12 - /assets/js/elements.js
31.3.2025, 12:53:12 - /assets/js/helpers/displayCars.js
31.3.2025, 12:53:12 - /assets/js/helpers/applyFilters.js
31.3.2025, 12:53:12 - /assets/js/helpers/populateFilters.js
31.3.2025, 12:53:12 - /assets/js/components/selectbox.js
31.3.2025, 12:53:12 - /assets/js/components/inputData.js
31.3.2025, 12:53:12 - /assets/js/components/checkboxes.js
31.3.2025, 12:53:12 - /assets/js/golbalData.js
31.3.2025, 12:53:12 - /assets/js/dom.js
31.3.2025, 12:53:12 - /assets/images/VMS_Icon.jpg
31.3.2025, 12:53:12 - /assets/json/sample_cars.json
31.3.2025, 12:53:12 - /assets/images/bmw-5er.jpg
31.3.2025, 12:53:12 - /assets/images/volkswagen-polo.jpg
31.3.2025, 12:53:12 - /assets/images/volkswagen-golf.jpg
31.3.2025, 12:53:12 - /assets/images/audi-a4.jpg
31.3.2025, 12:53:12 - /assets/images/mercedes-benz-c-klasse.jpg
31.3.2025, 12:53:12 - /assets/images/audi-a3.jpg
31.3.2025, 12:53:12 - /assets/images/ford-mustang.jpg
31.3.2025, 12:53:12 - /assets/images/audi-a4_nnn.jpg
31.3.2025, 12:53:12 - /assets/images/mercedes-benz-e-klasse.jpg
31.3.2025, 12:53:12 - /assets/images/ford-mustang_nnn.jpg
31.3.2025, 12:53:12 - /assets/images/audi-a4-black.jpg
31.3.2025, 12:53:12 - /assets/images/ford-focus-blue.jpg
31.3.2025, 12:53:12 - /assets/images/ford-fiesta.jpg
31.3.2025, 12:53:12 - /assets/images/volkswagen-golf-red.jpg
31.3.2025, 12:53:12 - /assets/images/mercedes-benz-s-klasse.jpg
31.3.2025, 12:53:12 - /assets/images/mercedes-benz-glc.jpg
31.3.2025, 12:53:12 - /assets/images/volkswagen-passat.jpg
31.3.2025, 12:53:12 - /assets/images/mercedes-benz-glc-red.jpg
31.3.2025, 12:53:12 - /assets/images/bmw-x3.jpg
31.3.2025, 12:53:12 - /assets/images/87cc2be037c24032.jpg
31.3.2025, 12:53:12 - /assets/images/vw_passat.jpg
31.3.2025, 12:53:25 - /assets/json/users.json
31.3.2025, 12:54:32 - /
31.3.2025, 12:54:32 - /assets/js/index.js
31.3.2025, 12:54:32 - /styles.css
31.3.2025, 12:54:32 - /assets/js/elements.js
31.3.2025, 12:54:32 - /assets/js/addCar.js
31.3.2025, 12:54:32 - /assets/js/addUser.js
31.3.2025, 12:54:32 - /assets/js/helpers/displayCars.js
31.3.2025, 12:54:32 - /assets/js/logIn.js
31.3.2025, 12:54:32 - /assets/js/helpers/applyFilters.js
31.3.2025, 12:54:32 - /assets/js/helpers/populateFilters.js
31.3.2025, 12:54:32 - /assets/js/components/selectbox.js
31.3.2025, 12:54:32 - /assets/js/components/inputData.js
31.3.2025, 12:54:32 - /assets/js/components/checkboxes.js
31.3.2025, 12:54:32 - /assets/js/golbalData.js
31.3.2025, 12:54:32 - /assets/images/VMS_Icon.jpg
31.3.2025, 12:54:32 - /assets/js/dom.js
31.3.2025, 12:54:32 - /assets/json/sample_cars.json
31.3.2025, 12:54:32 - /assets/images/bmw-5er.jpg
31.3.2025, 12:54:32 - /assets/images/volkswagen-polo.jpg
31.3.2025, 12:54:32 - /assets/images/volkswagen-golf.jpg
31.3.2025, 12:54:32 - /assets/images/audi-a4.jpg
31.3.2025, 12:54:32 - /assets/images/mercedes-benz-c-klasse.jpg
31.3.2025, 12:54:32 - /assets/images/audi-a3.jpg
31.3.2025, 12:54:32 - /assets/images/ford-mustang.jpg
31.3.2025, 12:54:32 - /assets/images/audi-a4_nnn.jpg
31.3.2025, 12:54:32 - /assets/images/audi-a4-black.jpg
31.3.2025, 12:54:32 - /assets/images/ford-mustang_nnn.jpg
31.3.2025, 12:54:32 - /assets/images/mercedes-benz-e-klasse.jpg
31.3.2025, 12:54:32 - /assets/images/ford-focus-blue.jpg
31.3.2025, 12:54:32 - /assets/images/ford-fiesta.jpg
31.3.2025, 12:54:32 - /assets/images/volkswagen-golf-red.jpg
31.3.2025, 12:54:32 - /assets/images/mercedes-benz-s-klasse.jpg
31.3.2025, 12:54:32 - /assets/images/mercedes-benz-glc.jpg
31.3.2025, 12:54:32 - /assets/images/bmw-x3.jpg
31.3.2025, 12:54:32 - /assets/images/volkswagen-passat.jpg
31.3.2025, 12:54:32 - /assets/images/mercedes-benz-glc-red.jpg
31.3.2025, 12:54:32 - /assets/images/87cc2be037c24032.jpg
31.3.2025, 12:54:32 - /assets/images/vw_passat.jpg
31.3.2025, 12:54:35 - /assets/json/users.json
31.3.2025, 13:27:14 - /
31.3.2025, 13:27:14 - /styles.css
31.3.2025, 13:27:14 - /assets/js/index.js
31.3.2025, 13:27:14 - /assets/js/elements.js
31.3.2025, 13:27:14 - /assets/js/addCar.js
31.3.2025, 13:27:14 - /assets/js/addUser.js
31.3.2025, 13:27:14 - /assets/js/logIn.js
31.3.2025, 13:27:14 - /assets/js/helpers/populateFilters.js
31.3.2025, 13:27:14 - /assets/js/helpers/displayCars.js
31.3.2025, 13:27:14 - /assets/js/helpers/applyFilters.js
31.3.2025, 13:27:14 - /assets/images/VMS_Icon.jpg
31.3.2025, 13:27:14 - /assets/js/components/selectbox.js
31.3.2025, 13:27:14 - /assets/js/components/inputData.js
31.3.2025, 13:27:14 - /assets/js/components/checkboxes.js
31.3.2025, 13:27:14 - /assets/js/golbalData.js
31.3.2025, 13:27:14 - /assets/js/dom.js
31.3.2025, 13:27:14 - /assets/json/sample_cars.json
31.3.2025, 13:27:14 - /assets/images/bmw-5er.jpg
31.3.2025, 13:27:14 - /assets/images/volkswagen-polo.jpg
31.3.2025, 13:27:14 - /assets/images/volkswagen-golf.jpg
31.3.2025, 13:27:14 - /assets/images/audi-a4.jpg
31.3.2025, 13:27:14 - /assets/images/mercedes-benz-c-klasse.jpg
31.3.2025, 13:27:14 - /assets/images/audi-a3.jpg
31.3.2025, 13:27:14 - /assets/images/audi-a4_nnn.jpg
31.3.2025, 13:27:14 - /assets/images/ford-mustang.jpg
31.3.2025, 13:27:14 - /assets/images/mercedes-benz-e-klasse.jpg
31.3.2025, 13:27:14 - /assets/images/ford-mustang_nnn.jpg
31.3.2025, 13:27:14 - /assets/images/audi-a4-black.jpg
31.3.2025, 13:27:14 - /assets/images/ford-focus-blue.jpg
31.3.2025, 13:27:14 - /assets/images/ford-fiesta.jpg
31.3.2025, 13:27:14 - /assets/images/volkswagen-golf-red.jpg
31.3.2025, 13:27:14 - /assets/images/mercedes-benz-s-klasse.jpg
31.3.2025, 13:27:14 - /assets/images/mercedes-benz-glc.jpg
31.3.2025, 13:27:14 - /assets/images/bmw-x3.jpg
31.3.2025, 13:27:14 - /assets/images/volkswagen-passat.jpg
31.3.2025, 13:27:14 - /assets/images/mercedes-benz-glc-red.jpg
31.3.2025, 13:27:14 - /assets/images/87cc2be037c24032.jpg
31.3.2025, 13:27:14 - /assets/images/vw_passat.jpg
31.3.2025, 13:27:18 - /assets/json/users.json
31.3.2025, 13:27:58 - /
31.3.2025, 13:27:58 - /styles.css
31.3.2025, 13:27:58 - /assets/js/index.js
31.3.2025, 13:27:58 - /assets/js/elements.js
31.3.2025, 13:27:58 - /assets/js/addCar.js
31.3.2025, 13:27:58 - /assets/js/addUser.js
31.3.2025, 13:27:58 - /assets/js/logIn.js
31.3.2025, 13:27:58 - /assets/js/helpers/displayCars.js
31.3.2025, 13:27:58 - /assets/js/helpers/applyFilters.js
31.3.2025, 13:27:58 - /assets/js/helpers/populateFilters.js
31.3.2025, 13:27:58 - /assets/images/VMS_Icon.jpg
31.3.2025, 13:27:58 - /assets/js/components/selectbox.js
31.3.2025, 13:27:58 - /assets/js/components/checkboxes.js
31.3.2025, 13:27:58 - /assets/js/golbalData.js
31.3.2025, 13:27:58 - /assets/js/components/inputData.js
31.3.2025, 13:27:58 - /assets/js/dom.js
31.3.2025, 13:27:58 - /assets/json/sample_cars.json
31.3.2025, 13:27:58 - /assets/images/bmw-5er.jpg
31.3.2025, 13:27:58 - /assets/images/volkswagen-polo.jpg
31.3.2025, 13:27:58 - /assets/images/volkswagen-golf.jpg
31.3.2025, 13:27:58 - /assets/images/audi-a4.jpg
31.3.2025, 13:27:58 - /assets/images/mercedes-benz-c-klasse.jpg
31.3.2025, 13:27:58 - /assets/images/audi-a3.jpg
31.3.2025, 13:27:58 - /assets/images/audi-a4_nnn.jpg
31.3.2025, 13:27:58 - /assets/images/ford-mustang.jpg
31.3.2025, 13:27:58 - /assets/images/mercedes-benz-e-klasse.jpg
31.3.2025, 13:27:58 - /assets/images/ford-mustang_nnn.jpg
31.3.2025, 13:27:58 - /assets/images/audi-a4-black.jpg
31.3.2025, 13:27:58 - /assets/images/ford-focus-blue.jpg
31.3.2025, 13:27:58 - /assets/images/ford-fiesta.jpg
31.3.2025, 13:27:58 - /assets/images/volkswagen-golf-red.jpg
31.3.2025, 13:27:58 - /assets/images/mercedes-benz-s-klasse.jpg
31.3.2025, 13:27:58 - /assets/images/mercedes-benz-glc.jpg
31.3.2025, 13:27:58 - /assets/images/bmw-x3.jpg
31.3.2025, 13:27:58 - /assets/images/volkswagen-passat.jpg
31.3.2025, 13:27:58 - /assets/images/mercedes-benz-glc-red.jpg
31.3.2025, 13:27:58 - /assets/images/87cc2be037c24032.jpg
31.3.2025, 13:27:58 - /assets/images/vw_passat.jpg
31.3.2025, 13:28:02 - /assets/json/users.json
31.3.2025, 13:29:04 - /
31.3.2025, 13:29:04 - /styles.css
31.3.2025, 13:29:04 - /assets/js/index.js
31.3.2025, 13:29:04 - /assets/js/elements.js
31.3.2025, 13:29:04 - /assets/js/addCar.js
31.3.2025, 13:29:04 - /assets/js/addUser.js
31.3.2025, 13:29:04 - /assets/js/logIn.js
31.3.2025, 13:29:04 - /assets/js/helpers/displayCars.js
31.3.2025, 13:29:04 - /assets/js/helpers/applyFilters.js
31.3.2025, 13:29:04 - /assets/js/helpers/populateFilters.js
31.3.2025, 13:29:04 - /assets/images/VMS_Icon.jpg
31.3.2025, 13:29:04 - /assets/js/golbalData.js
31.3.2025, 13:29:04 - /assets/js/components/inputData.js
31.3.2025, 13:29:04 - /assets/js/components/selectbox.js
31.3.2025, 13:29:04 - /assets/js/components/checkboxes.js
31.3.2025, 13:29:04 - /assets/js/dom.js
31.3.2025, 13:29:04 - /assets/json/sample_cars.json
31.3.2025, 13:29:04 - /assets/images/bmw-5er.jpg
31.3.2025, 13:29:04 - /assets/images/volkswagen-polo.jpg
31.3.2025, 13:29:04 - /assets/images/volkswagen-golf.jpg
31.3.2025, 13:29:04 - /assets/images/audi-a4.jpg
31.3.2025, 13:29:04 - /assets/images/mercedes-benz-c-klasse.jpg
31.3.2025, 13:29:04 - /assets/images/audi-a3.jpg
31.3.2025, 13:29:04 - /assets/images/mercedes-benz-e-klasse.jpg
31.3.2025, 13:29:04 - /assets/images/ford-mustang.jpg
31.3.2025, 13:29:04 - /assets/images/audi-a4_nnn.jpg
31.3.2025, 13:29:04 - /assets/images/ford-mustang_nnn.jpg
31.3.2025, 13:29:04 - /assets/images/audi-a4-black.jpg
31.3.2025, 13:29:04 - /assets/images/ford-focus-blue.jpg
31.3.2025, 13:29:04 - /assets/images/ford-fiesta.jpg
31.3.2025, 13:29:04 - /assets/images/volkswagen-golf-red.jpg
31.3.2025, 13:29:04 - /assets/images/mercedes-benz-s-klasse.jpg
31.3.2025, 13:29:04 - /assets/images/mercedes-benz-glc.jpg
31.3.2025, 13:29:04 - /assets/images/bmw-x3.jpg
31.3.2025, 13:29:04 - /assets/images/volkswagen-passat.jpg
31.3.2025, 13:29:04 - /assets/images/mercedes-benz-glc-red.jpg
31.3.2025, 13:29:04 - /assets/images/vw_passat.jpg
31.3.2025, 13:29:04 - /assets/images/87cc2be037c24032.jpg
31.3.2025, 13:29:08 - /assets/json/users.json
31.3.2025, 13:56:24 - /
31.3.2025, 13:56:24 - /styles.css
31.3.2025, 13:56:24 - /assets/js/index.js
31.3.2025, 13:56:24 - /assets/js/elements.js
31.3.2025, 13:56:24 - /assets/js/addCar.js
31.3.2025, 13:56:24 - /assets/js/addUser.js
31.3.2025, 13:56:24 - /assets/js/helpers/populateFilters.js
31.3.2025, 13:56:24 - /assets/js/logIn.js
31.3.2025, 13:56:24 - /assets/js/helpers/displayCars.js
31.3.2025, 13:56:24 - /assets/js/helpers/applyFilters.js
31.3.2025, 13:56:24 - /assets/js/golbalData.js
31.3.2025, 13:56:24 - /assets/js/components/selectbox.js
31.3.2025, 13:56:24 - /assets/js/components/checkboxes.js
31.3.2025, 13:56:24 - /assets/js/components/inputData.js
31.3.2025, 13:56:24 - /assets/js/dom.js
31.3.2025, 13:56:24 - /assets/images/VMS_Icon.jpg
31.3.2025, 13:56:24 - /assets/json/sample_cars.json
31.3.2025, 13:56:24 - /assets/images/bmw-5er.jpg
31.3.2025, 13:56:24 - /assets/images/volkswagen-polo.jpg
31.3.2025, 13:56:24 - /assets/images/volkswagen-golf.jpg
31.3.2025, 13:56:24 - /assets/images/audi-a4.jpg
31.3.2025, 13:56:24 - /assets/images/mercedes-benz-c-klasse.jpg
31.3.2025, 13:56:24 - /assets/images/audi-a3.jpg
31.3.2025, 13:56:24 - /assets/images/audi-a4_nnn.jpg
31.3.2025, 13:56:24 - /assets/images/mercedes-benz-e-klasse.jpg
31.3.2025, 13:56:24 - /assets/images/ford-mustang.jpg
31.3.2025, 13:56:24 - /assets/images/audi-a4-black.jpg
31.3.2025, 13:56:24 - /assets/images/ford-mustang_nnn.jpg
31.3.2025, 13:56:24 - /assets/images/ford-focus-blue.jpg
31.3.2025, 13:56:24 - /assets/images/ford-fiesta.jpg
31.3.2025, 13:56:24 - /assets/images/volkswagen-golf-red.jpg
31.3.2025, 13:56:24 - /assets/images/mercedes-benz-s-klasse.jpg
31.3.2025, 13:56:24 - /assets/images/mercedes-benz-glc.jpg
31.3.2025, 13:56:24 - /assets/images/bmw-x3.jpg
31.3.2025, 13:56:24 - /assets/images/volkswagen-passat.jpg
31.3.2025, 13:56:24 - /assets/images/mercedes-benz-glc-red.jpg
31.3.2025, 13:56:24 - /assets/images/87cc2be037c24032.jpg
31.3.2025, 13:56:24 - /assets/images/vw_passat.jpg
31.3.2025, 13:56:27 - /assets/json/users.json
31.3.2025, 14:12:39 - /
31.3.2025, 14:12:39 - /styles.css
31.3.2025, 14:12:39 - /assets/js/index.js
31.3.2025, 14:12:39 - /assets/js/elements.js
31.3.2025, 14:12:39 - /assets/js/helpers/populateFilters.js
31.3.2025, 14:12:39 - /assets/js/addUser.js
31.3.2025, 14:12:39 - /assets/js/helpers/applyFilters.js
31.3.2025, 14:12:39 - /assets/js/helpers/displayCars.js
31.3.2025, 14:12:39 - /assets/js/logIn.js
31.3.2025, 14:12:39 - /assets/js/golbalData.js
31.3.2025, 14:12:39 - /assets/js/addCar.js
31.3.2025, 14:12:39 - /assets/images/VMS_Icon.jpg
31.3.2025, 14:12:39 - /favicon.ico
31.3.2025, 14:14:08 - /
31.3.2025, 14:14:08 - /styles.css
31.3.2025, 14:14:08 - /assets/js/index.js
31.3.2025, 14:14:08 - /assets/images/VMS_Icon.jpg
31.3.2025, 14:14:08 - /assets/js/elements.js
31.3.2025, 14:14:08 - /assets/js/utils/addCar.js
31.3.2025, 14:14:08 - /assets/js/utils/addUser.js
31.3.2025, 14:14:08 - /assets/js/utils/logIn.js
31.3.2025, 14:14:08 - /assets/js/helpers/displayCars.js
31.3.2025, 14:14:08 - /assets/js/helpers/applyFilters.js
31.3.2025, 14:14:08 - /assets/js/helpers/populateFilters.js
31.3.2025, 14:14:08 - /assets/js/logIn.js
31.3.2025, 14:14:08 - /assets/js/utils/elements.js
31.3.2025, 14:14:08 - /assets/js/utils/components/selectbox.js
31.3.2025, 14:14:08 - /assets/js/utils/components/inputData.js
31.3.2025, 14:14:08 - /assets/js/utils/components/checkboxes.js
31.3.2025, 14:14:08 - /assets/js/utils/golbalData.js
31.3.2025, 14:14:08 - /assets/js/golbalData.js
31.3.2025, 14:16:30 - /
31.3.2025, 14:16:30 - /styles.css
31.3.2025, 14:16:30 - /assets/js/index.js
31.3.2025, 14:16:30 - /assets/js/elements.js
31.3.2025, 14:16:30 - /assets/js/utils/addCar.js
31.3.2025, 14:16:30 - /assets/js/utils/addUser.js
31.3.2025, 14:16:30 - /assets/js/utils/logIn.js
31.3.2025, 14:16:30 - /assets/js/helpers/displayCars.js
31.3.2025, 14:16:30 - /assets/js/helpers/applyFilters.js
31.3.2025, 14:16:30 - /assets/js/helpers/populateFilters.js
31.3.2025, 14:16:30 - /assets/js/logIn.js
31.3.2025, 14:16:30 - /assets/images/VMS_Icon.jpg
31.3.2025, 14:16:30 - /assets/js/utils/elements.js
31.3.2025, 14:16:30 - /assets/js/utils/components/inputData.js
31.3.2025, 14:16:30 - /assets/js/utils/golbalData.js
31.3.2025, 14:16:30 - /assets/js/golbalData.js
31.3.2025, 14:17:19 - /
31.3.2025, 14:17:19 - /styles.css
31.3.2025, 14:17:19 - /assets/js/index.js
31.3.2025, 14:17:19 - /assets/js/elements.js
31.3.2025, 14:17:19 - /assets/js/utils/addCar.js
31.3.2025, 14:17:19 - /assets/js/utils/addUser.js
31.3.2025, 14:17:19 - /assets/js/utils/logIn.js
31.3.2025, 14:17:19 - /assets/js/helpers/displayCars.js
31.3.2025, 14:17:19 - /assets/js/helpers/applyFilters.js
31.3.2025, 14:17:19 - /assets/js/helpers/populateFilters.js
31.3.2025, 14:17:19 - /assets/js/logIn.js
31.3.2025, 14:17:19 - /assets/images/VMS_Icon.jpg
31.3.2025, 14:18:43 - /
31.3.2025, 14:18:43 - /styles.css
31.3.2025, 14:18:43 - /assets/js/index.js
31.3.2025, 14:18:43 - /assets/js/elements.js
31.3.2025, 14:18:43 - /assets/js/utils/addCar.js
31.3.2025, 14:18:43 - /assets/js/utils/addUser.js
31.3.2025, 14:18:43 - /assets/js/helpers/displayCars.js
31.3.2025, 14:18:43 - /assets/js/utils/logIn.js
31.3.2025, 14:18:43 - /assets/js/helpers/applyFilters.js
31.3.2025, 14:18:43 - /assets/js/logIn.js
31.3.2025, 14:18:43 - /assets/js/helpers/populateFilters.js
31.3.2025, 14:18:43 - /assets/images/VMS_Icon.jpg
31.3.2025, 14:18:43 - /assets/js/utils/elements.js
31.3.2025, 14:18:43 - /assets/js/utils/components/selectbox.js
31.3.2025, 14:18:43 - /assets/js/utils/components/inputData.js
31.3.2025, 14:18:43 - /assets/js/utils/components/checkboxes.js
31.3.2025, 14:18:43 - /assets/js/utils/golbalData.js
31.3.2025, 14:19:37 - /assets/js/logIn.js
31.3.2025, 14:21:01 - /assets/js/logIn.js
31.3.2025, 14:21:04 - /
31.3.2025, 14:21:04 - /styles.css
31.3.2025, 14:21:04 - /assets/js/index.js
31.3.2025, 14:21:04 - /assets/images/VMS_Icon.jpg
31.3.2025, 14:21:04 - /assets/js/elements.js
31.3.2025, 14:21:04 - /assets/js/utils/addCar.js
31.3.2025, 14:21:04 - /assets/js/utils/addUser.js
31.3.2025, 14:21:04 - /assets/js/utils/logIn.js
31.3.2025, 14:21:04 - /assets/js/helpers/displayCars.js
31.3.2025, 14:21:04 - /assets/js/helpers/applyFilters.js
31.3.2025, 14:21:04 - /assets/js/helpers/populateFilters.js
31.3.2025, 14:21:04 - /assets/js/logIn.js
31.3.2025, 14:22:58 - /
31.3.2025, 14:22:58 - /styles.css
31.3.2025, 14:22:58 - /assets/js/index.js
31.3.2025, 14:22:58 - /assets/images/VMS_Icon.jpg
31.3.2025, 14:22:58 - /assets/js/elements.js
31.3.2025, 14:22:58 - /assets/js/utils/addCar.js
31.3.2025, 14:22:58 - /assets/js/utils/addUser.js
31.3.2025, 14:22:58 - /assets/js/utils/logIn.js
31.3.2025, 14:22:58 - /assets/js/helpers/displayCars.js
31.3.2025, 14:22:58 - /assets/js/helpers/applyFilters.js
31.3.2025, 14:22:58 - /assets/js/helpers/populateFilters.js
31.3.2025, 14:22:58 - /assets/js/utils/elements.js
31.3.2025, 14:22:58 - /assets/js/utils/components/selectbox.js
31.3.2025, 14:22:58 - /assets/js/utils/components/inputData.js
31.3.2025, 14:22:58 - /assets/js/utils/components/checkboxes.js
31.3.2025, 14:22:58 - /assets/js/utils/golbalData.js
31.3.2025, 14:22:58 - /assets/js/golbalData.js
31.3.2025, 14:24:45 - /
31.3.2025, 14:24:45 - /styles.css
31.3.2025, 14:24:45 - /assets/js/index.js
31.3.2025, 14:24:45 - /assets/images/VMS_Icon.jpg
31.3.2025, 14:24:45 - /assets/js/elements.js
31.3.2025, 14:24:45 - /assets/js/utils/addCar.js
31.3.2025, 14:24:45 - /assets/js/utils/addUser.js
31.3.2025, 14:24:45 - /assets/js/utils/logIn.js
31.3.2025, 14:24:45 - /assets/js/helpers/applyFilters.js
31.3.2025, 14:24:45 - /assets/js/helpers/displayCars.js
31.3.2025, 14:24:45 - /assets/js/helpers/populateFilters.js
31.3.2025, 14:24:45 - /assets/js/golbalData.js
31.3.2025, 14:24:45 - /assets/js/components/selectbox.js
31.3.2025, 14:24:45 - /assets/js/components/checkboxes.js
31.3.2025, 14:24:45 - /assets/js/components/inputData.js
31.3.2025, 14:24:45 - /assets/js/dom.js
31.3.2025, 14:26:36 - /
31.3.2025, 14:26:36 - /styles.css
31.3.2025, 14:26:36 - /assets/js/index.js
31.3.2025, 14:26:36 - /assets/images/VMS_Icon.jpg
31.3.2025, 14:26:36 - /assets/js/elements.js
31.3.2025, 14:26:36 - /assets/js/utils/addCar.js
31.3.2025, 14:26:36 - /assets/js/utils/addUser.js
31.3.2025, 14:26:36 - /assets/js/utils/logIn.js
31.3.2025, 14:26:36 - /assets/js/helpers/displayCars.js
31.3.2025, 14:26:36 - /assets/js/helpers/applyFilters.js
31.3.2025, 14:26:36 - /assets/js/helpers/populateFilters.js
31.3.2025, 14:26:36 - /assets/js/components/selectbox.js
31.3.2025, 14:26:36 - /assets/js/components/inputData.js
31.3.2025, 14:26:36 - /assets/js/components/checkboxes.js
31.3.2025, 14:26:36 - /assets/js/golbalData.js
31.3.2025, 14:26:36 - /assets/js/dom.js
31.3.2025, 14:26:36 - /assets/json/sample_cars.json
31.3.2025, 14:26:36 - /assets/images/bmw-5er.jpg
31.3.2025, 14:26:36 - /assets/images/volkswagen-polo.jpg
31.3.2025, 14:26:36 - /assets/images/volkswagen-golf.jpg
31.3.2025, 14:26:36 - /assets/images/audi-a4.jpg
31.3.2025, 14:26:36 - /assets/images/mercedes-benz-c-klasse.jpg
31.3.2025, 14:26:36 - /assets/images/audi-a3.jpg
31.3.2025, 14:26:36 - /assets/images/audi-a4_nnn.jpg
31.3.2025, 14:26:36 - /assets/images/ford-mustang.jpg
31.3.2025, 14:26:36 - /assets/images/mercedes-benz-e-klasse.jpg
31.3.2025, 14:26:36 - /assets/images/ford-mustang_nnn.jpg
31.3.2025, 14:26:36 - /assets/images/ford-fiesta.jpg
31.3.2025, 14:26:36 - /assets/images/audi-a4-black.jpg
31.3.2025, 14:26:36 - /assets/images/ford-focus-blue.jpg
31.3.2025, 14:26:36 - /assets/images/volkswagen-golf-red.jpg
31.3.2025, 14:26:36 - /assets/images/mercedes-benz-s-klasse.jpg
31.3.2025, 14:26:36 - /assets/images/mercedes-benz-glc.jpg
31.3.2025, 14:26:36 - /assets/images/bmw-x3.jpg
31.3.2025, 14:26:36 - /assets/images/mercedes-benz-glc-red.jpg
31.3.2025, 14:26:36 - /assets/images/volkswagen-passat.jpg
31.3.2025, 14:26:36 - /assets/images/87cc2be037c24032.jpg
31.3.2025, 14:26:36 - /assets/images/vw_passat.jpg
31.3.2025, 14:28:37 - /
31.3.2025, 14:28:37 - /styles.css
31.3.2025, 14:28:37 - /assets/js/index.js
31.3.2025, 14:28:37 - /assets/images/VMS_Icon.jpg
31.3.2025, 14:28:37 - /assets/js/elements.js
31.3.2025, 14:28:37 - /assets/js/utils/addUser.js
31.3.2025, 14:28:37 - /assets/js/utils/addCar.js
31.3.2025, 14:28:37 - /assets/js/utils/logIn.js
31.3.2025, 14:28:37 - /assets/js/helpers/displayCars.js
31.3.2025, 14:28:37 - /assets/js/helpers/applyFilters.js
31.3.2025, 14:28:37 - /assets/js/helpers/populateFilters.js
31.3.2025, 14:28:37 - /assets/js/components/selectbox.js
31.3.2025, 14:28:37 - /assets/js/components/inputData.js
31.3.2025, 14:28:37 - /assets/js/components/checkboxes.js
31.3.2025, 14:28:37 - /assets/js/golbalData.js
31.3.2025, 14:28:37 - /assets/js/dom.js
31.3.2025, 14:28:37 - /assets/json/sample_cars.json
31.3.2025, 14:28:37 - /assets/images/bmw-5er.jpg
31.3.2025, 14:28:37 - /assets/images/volkswagen-polo.jpg
31.3.2025, 14:28:37 - /assets/images/volkswagen-golf.jpg
31.3.2025, 14:28:37 - /assets/images/audi-a4.jpg
31.3.2025, 14:28:37 - /assets/images/mercedes-benz-c-klasse.jpg
31.3.2025, 14:28:37 - /assets/images/audi-a3.jpg
31.3.2025, 14:28:37 - /assets/images/ford-mustang.jpg
31.3.2025, 14:28:37 - /assets/images/audi-a4_nnn.jpg
31.3.2025, 14:28:37 - /assets/images/mercedes-benz-e-klasse.jpg
31.3.2025, 14:28:37 - /assets/images/ford-mustang_nnn.jpg
31.3.2025, 14:28:38 - /assets/images/audi-a4-black.jpg
31.3.2025, 14:28:38 - /assets/images/ford-fiesta.jpg
31.3.2025, 14:28:38 - /assets/images/volkswagen-golf-red.jpg
31.3.2025, 14:28:38 - /assets/images/mercedes-benz-s-klasse.jpg
31.3.2025, 14:28:38 - /assets/images/mercedes-benz-glc.jpg
31.3.2025, 14:28:38 - /assets/images/ford-focus-blue.jpg
31.3.2025, 14:28:38 - /assets/images/bmw-x3.jpg
31.3.2025, 14:28:38 - /assets/images/volkswagen-passat.jpg
31.3.2025, 14:28:38 - /assets/images/87cc2be037c24032.jpg
31.3.2025, 14:28:38 - /assets/images/mercedes-benz-glc-red.jpg
31.3.2025, 14:28:38 - /assets/images/vw_passat.jpg
31.3.2025, 14:29:10 - /
31.3.2025, 14:29:10 - /styles.css
31.3.2025, 14:29:10 - /assets/js/index.js
31.3.2025, 14:29:11 - /assets/js/elements.js
31.3.2025, 14:29:11 - /assets/js/utils/addCar.js
31.3.2025, 14:29:11 - /assets/js/utils/addUser.js
31.3.2025, 14:29:11 - /assets/js/utils/logIn.js
31.3.2025, 14:29:11 - /assets/js/helpers/displayCars.js
31.3.2025, 14:29:11 - /assets/js/helpers/applyFilters.js
31.3.2025, 14:29:11 - /assets/js/helpers/populateFilters.js
31.3.2025, 14:29:11 - /assets/images/VMS_Icon.jpg
31.3.2025, 14:29:11 - /assets/js/components/selectbox.js
31.3.2025, 14:29:11 - /assets/js/components/inputData.js
31.3.2025, 14:29:11 - /assets/js/components/checkboxes.js
31.3.2025, 14:29:11 - /assets/js/golbalData.js
31.3.2025, 14:29:11 - /assets/js/dom.js
31.3.2025, 14:29:56 - /
31.3.2025, 14:29:56 - /styles.css
31.3.2025, 14:29:56 - /assets/js/index.js
31.3.2025, 14:29:56 - /assets/images/VMS_Icon.jpg
31.3.2025, 14:29:56 - /assets/js/elements.js
31.3.2025, 14:29:56 - /assets/js/utils/addCar.js
31.3.2025, 14:29:56 - /assets/js/utils/addUser.js
31.3.2025, 14:29:56 - /assets/js/utils/logIn.js
31.3.2025, 14:29:56 - /assets/js/helpers/displayCars.js
31.3.2025, 14:29:56 - /assets/js/helpers/applyFilters.js
31.3.2025, 14:29:56 - /assets/js/helpers/populateFilters.js
31.3.2025, 14:29:56 - /assets/js/components/selectbox.js
31.3.2025, 14:29:56 - /assets/js/components/inputData.js
31.3.2025, 14:29:56 - /assets/js/components/checkboxes.js
31.3.2025, 14:29:56 - /assets/js/golbalData.js
31.3.2025, 14:29:56 - /assets/js/dom.js
31.3.2025, 14:29:56 - /assets/json/sample_cars.json
31.3.2025, 14:29:56 - /assets/images/bmw-5er.jpg
31.3.2025, 14:29:56 - /assets/images/volkswagen-polo.jpg
31.3.2025, 14:29:56 - /assets/images/volkswagen-golf.jpg
31.3.2025, 14:29:56 - /assets/images/audi-a4.jpg
31.3.2025, 14:29:56 - /assets/images/audi-a3.jpg
31.3.2025, 14:29:56 - /assets/images/mercedes-benz-c-klasse.jpg
31.3.2025, 14:29:56 - /assets/images/audi-a4_nnn.jpg
31.3.2025, 14:29:56 - /assets/images/mercedes-benz-e-klasse.jpg
31.3.2025, 14:29:56 - /assets/images/ford-mustang.jpg
31.3.2025, 14:29:56 - /assets/images/ford-mustang_nnn.jpg
31.3.2025, 14:29:56 - /assets/images/audi-a4-black.jpg
31.3.2025, 14:29:56 - /assets/images/ford-fiesta.jpg
31.3.2025, 14:29:56 - /assets/images/ford-focus-blue.jpg
31.3.2025, 14:29:56 - /assets/images/volkswagen-golf-red.jpg
31.3.2025, 14:29:56 - /assets/images/mercedes-benz-s-klasse.jpg
31.3.2025, 14:29:56 - /assets/images/mercedes-benz-glc.jpg
31.3.2025, 14:29:56 - /assets/images/bmw-x3.jpg
31.3.2025, 14:29:56 - /assets/images/volkswagen-passat.jpg
31.3.2025, 14:29:56 - /assets/images/mercedes-benz-glc-red.jpg
31.3.2025, 14:29:56 - /assets/images/87cc2be037c24032.jpg
31.3.2025, 14:29:56 - /assets/images/vw_passat.jpg
31.3.2025, 14:30:04 - /assets/json/users.json
31.3.2025, 14:42:59 - /assets/images/bmw-5er.jpg
31.3.2025, 14:42:59 - /assets/images/volkswagen-polo.jpg
31.3.2025, 14:42:59 - /assets/images/audi-a4.jpg
31.3.2025, 14:42:59 - /assets/images/volkswagen-golf.jpg
31.3.2025, 14:42:59 - /assets/images/audi-a3.jpg
31.3.2025, 14:42:59 - /assets/images/ford-mustang.jpg
31.3.2025, 14:42:59 - /assets/images/audi-a4_nnn.jpg
31.3.2025, 14:42:59 - /assets/images/mercedes-benz-c-klasse.jpg
31.3.2025, 14:42:59 - /assets/images/mercedes-benz-e-klasse.jpg
31.3.2025, 14:42:59 - /assets/images/ford-mustang_nnn.jpg
31.3.2025, 14:42:59 - /assets/images/audi-a4-black.jpg
31.3.2025, 14:42:59 - /assets/images/vw_passat.jpg
31.3.2025, 14:42:59 - /assets/images/mercedes-benz-glc-red.jpg
31.3.2025, 14:42:59 - /assets/images/87cc2be037c24032.jpg
31.3.2025, 14:42:59 - /assets/images/volkswagen-passat.jpg
31.3.2025, 14:42:59 - /assets/images/ford-focus-blue.jpg
31.3.2025, 14:42:59 - /assets/images/bmw-x3.jpg
31.3.2025, 14:42:59 - /assets/images/ford-fiesta.jpg
31.3.2025, 14:42:59 - /assets/images/mercedes-benz-glc.jpg
31.3.2025, 14:42:59 - /assets/images/volkswagen-golf-red.jpg
31.3.2025, 14:42:59 - /assets/images/mercedes-benz-s-klasse.jpg
31.3.2025, 14:50:47 - /assets/json/users.json
31.3.2025, 15:01:38 - /
31.3.2025, 15:01:38 - /styles.css
31.3.2025, 15:01:38 - /assets/js/index.js
31.3.2025, 15:01:38 - /assets/images/VMS_Icon.jpg
31.3.2025, 15:01:38 - /assets/js/elements.js
31.3.2025, 15:01:38 - /assets/js/utils/addUser.js
31.3.2025, 15:01:38 - /assets/js/utils/logIn.js
31.3.2025, 15:01:38 - /assets/js/utils/addCar.js
31.3.2025, 15:01:38 - /assets/js/helpers/displayCars.js
31.3.2025, 15:01:38 - /assets/js/helpers/applyFilters.js
31.3.2025, 15:01:38 - /assets/js/helpers/populateFilters.js
31.3.2025, 15:01:38 - /assets/js/components/inputData.js
31.3.2025, 15:01:38 - /assets/js/golbalData.js
31.3.2025, 15:01:38 - /assets/js/dom.js
31.3.2025, 15:01:38 - /assets/js/components/selectbox.js
31.3.2025, 15:01:38 - /assets/js/components/checkboxes.js
31.3.2025, 15:01:38 - /assets/json/sample_cars.json
31.3.2025, 15:01:45 - /assets/js/elements.js
31.3.2025, 15:01:45 - /assets/js/golbalData.js
31.3.2025, 15:04:12 - /
31.3.2025, 15:04:12 - /styles.css
31.3.2025, 15:04:12 - /assets/js/index.js
31.3.2025, 15:04:12 - /assets/js/elements.js
31.3.2025, 15:04:12 - /assets/js/utils/addCar.js
31.3.2025, 15:04:12 - /assets/js/utils/addUser.js
31.3.2025, 15:04:12 - /assets/js/utils/logIn.js
31.3.2025, 15:04:12 - /assets/js/helpers/displayCars.js
31.3.2025, 15:04:12 - /assets/js/helpers/applyFilters.js
31.3.2025, 15:04:12 - /assets/js/helpers/populateFilters.js
31.3.2025, 15:04:12 - /assets/images/VMS_Icon.jpg
31.3.2025, 15:04:12 - /assets/js/components/selectbox.js
31.3.2025, 15:04:12 - /assets/js/components/inputData.js
31.3.2025, 15:04:12 - /assets/js/components/checkboxes.js
31.3.2025, 15:04:12 - /assets/js/golbalData.js
31.3.2025, 15:04:12 - /assets/js/dom.js
31.3.2025, 15:04:12 - /assets/json/sample_cars.json
31.3.2025, 15:07:32 - /
31.3.2025, 15:07:32 - /styles.css
31.3.2025, 15:07:32 - /assets/js/index.js
31.3.2025, 15:07:32 - /assets/js/elements.js
31.3.2025, 15:07:32 - /assets/js/utils/addCar.js
31.3.2025, 15:07:32 - /assets/js/utils/addUser.js
31.3.2025, 15:07:32 - /assets/js/helpers/displayCars.js
31.3.2025, 15:07:32 - /assets/js/utils/logIn.js
31.3.2025, 15:07:32 - /assets/js/helpers/applyFilters.js
31.3.2025, 15:07:32 - /assets/js/helpers/populateFilters.js
31.3.2025, 15:07:32 - /assets/images/VMS_Icon.jpg
31.3.2025, 15:07:32 - /assets/js/components/selectbox.js
31.3.2025, 15:07:32 - /assets/js/components/inputData.js
31.3.2025, 15:07:32 - /assets/js/components/checkboxes.js
31.3.2025, 15:07:32 - /assets/js/dom.js
31.3.2025, 15:07:32 - /assets/js/golbalData.js
31.3.2025, 15:07:32 - /assets/json/sample_cars.json
31.3.2025, 15:07:32 - /assets/images/bmw-5er.jpg
31.3.2025, 15:07:32 - /assets/images/volkswagen-polo.jpg
31.3.2025, 15:07:32 - /assets/images/volkswagen-golf.jpg
31.3.2025, 15:07:32 - /assets/images/audi-a4.jpg
31.3.2025, 15:07:32 - /assets/images/mercedes-benz-c-klasse.jpg
31.3.2025, 15:07:32 - /assets/images/audi-a3.jpg
31.3.2025, 15:07:32 - /assets/images/audi-a4_nnn.jpg
31.3.2025, 15:07:32 - /assets/images/mercedes-benz-e-klasse.jpg
31.3.2025, 15:07:32 - /assets/images/ford-mustang_nnn.jpg
31.3.2025, 15:07:32 - /assets/images/ford-mustang.jpg
31.3.2025, 15:07:32 - /assets/images/ford-focus-blue.jpg
31.3.2025, 15:07:32 - /assets/images/audi-a4-black.jpg
31.3.2025, 15:07:32 - /assets/images/ford-fiesta.jpg
31.3.2025, 15:07:32 - /assets/images/mercedes-benz-s-klasse.jpg
31.3.2025, 15:07:32 - /assets/images/mercedes-benz-glc.jpg
31.3.2025, 15:07:32 - /assets/images/bmw-x3.jpg
31.3.2025, 15:07:32 - /assets/images/volkswagen-passat.jpg
31.3.2025, 15:07:32 - /assets/images/volkswagen-golf-red.jpg
31.3.2025, 15:07:32 - /assets/images/mercedes-benz-glc-red.jpg
31.3.2025, 15:07:32 - /assets/images/87cc2be037c24032.jpg
31.3.2025, 15:07:32 - /assets/images/vw_passat.jpg
31.3.2025, 15:07:37 - /assets/json/users.json
31.3.2025, 15:31:11 - /
31.3.2025, 15:31:11 - /styles.css
31.3.2025, 15:31:11 - /assets/js/index.js
31.3.2025, 15:31:11 - /assets/js/elements.js
31.3.2025, 15:31:11 - /assets/js/utils/addUser.js
31.3.2025, 15:31:11 - /assets/js/utils/addCar.js
31.3.2025, 15:31:11 - /assets/js/utils/logIn.js
31.3.2025, 15:31:11 - /assets/js/helpers/displayCars.js
31.3.2025, 15:31:11 - /assets/js/helpers/applyFilters.js
31.3.2025, 15:31:11 - /assets/js/helpers/populateFilters.js
31.3.2025, 15:31:11 - /assets/js/components/inputData.js
31.3.2025, 15:31:11 - /assets/js/golbalData.js
31.3.2025, 15:31:11 - /assets/js/dom.js
31.3.2025, 15:31:11 - /assets/js/components/selectbox.js
31.3.2025, 15:31:11 - /assets/js/components/checkboxes.js
31.3.2025, 15:31:11 - /assets/images/VMS_Icon.jpg
31.3.2025, 15:31:12 - /assets/json/sample_cars.json
31.3.2025, 15:31:12 - /assets/images/bmw-5er.jpg
31.3.2025, 15:31:12 - /assets/images/volkswagen-polo.jpg
31.3.2025, 15:31:12 - /assets/images/volkswagen-golf.jpg
31.3.2025, 15:31:12 - /assets/images/audi-a4.jpg
31.3.2025, 15:31:12 - /assets/images/mercedes-benz-c-klasse.jpg
31.3.2025, 15:31:12 - /assets/images/audi-a3.jpg
31.3.2025, 15:31:12 - /assets/images/audi-a4_nnn.jpg
31.3.2025, 15:31:12 - /assets/images/ford-mustang.jpg
31.3.2025, 15:31:12 - /assets/images/mercedes-benz-e-klasse.jpg
31.3.2025, 15:31:12 - /assets/images/ford-mustang_nnn.jpg
31.3.2025, 15:31:12 - /assets/images/audi-a4-black.jpg
31.3.2025, 15:31:12 - /assets/images/ford-focus-blue.jpg
31.3.2025, 15:31:12 - /assets/images/ford-fiesta.jpg
31.3.2025, 15:31:12 - /assets/images/volkswagen-golf-red.jpg
31.3.2025, 15:31:12 - /assets/images/mercedes-benz-s-klasse.jpg
31.3.2025, 15:31:12 - /assets/images/mercedes-benz-glc.jpg
31.3.2025, 15:31:12 - /assets/images/bmw-x3.jpg
31.3.2025, 15:31:12 - /assets/images/volkswagen-passat.jpg
31.3.2025, 15:31:12 - /assets/images/mercedes-benz-glc-red.jpg
31.3.2025, 15:31:12 - /assets/images/87cc2be037c24032.jpg
31.3.2025, 15:31:12 - /assets/images/vw_passat.jpg
31.3.2025, 15:31:22 - /assets/json/users.json
31.3.2025, 17:52:11 - /
31.3.2025, 17:52:11 - /styles.css
31.3.2025, 17:52:11 - /assets/js/index.js
31.3.2025, 17:52:11 - /assets/js/elements.js
31.3.2025, 17:52:11 - /assets/js/utils/addCar.js
31.3.2025, 17:52:11 - /assets/js/utils/addUser.js
31.3.2025, 17:52:11 - /assets/js/utils/logIn.js
31.3.2025, 17:52:11 - /assets/js/helpers/applyFilters.js
31.3.2025, 17:52:11 - /assets/js/helpers/displayCars.js
31.3.2025, 17:52:11 - /assets/js/helpers/populateFilters.js
31.3.2025, 17:52:11 - /assets/images/VMS_Icon.jpg
31.3.2025, 17:52:11 - /assets/js/components/inputData.js
31.3.2025, 17:52:11 - /assets/js/golbalData.js
31.3.2025, 17:52:11 - /assets/js/dom.js
31.3.2025, 17:52:11 - /assets/js/components/selectbox.js
31.3.2025, 17:52:11 - /assets/js/components/checkboxes.js
31.3.2025, 17:55:00 - /
31.3.2025, 17:55:00 - /styles.css
31.3.2025, 17:55:00 - /assets/js/index.js
31.3.2025, 17:55:00 - /assets/js/elements.js
31.3.2025, 17:55:00 - /assets/js/utils/addCar.js
31.3.2025, 17:55:00 - /assets/js/utils/addUser.js
31.3.2025, 17:55:00 - /assets/js/utils/logIn.js
31.3.2025, 17:55:00 - /assets/js/helpers/displayCars.js
31.3.2025, 17:55:00 - /assets/js/helpers/applyFilters.js
31.3.2025, 17:55:00 - /assets/js/helpers/populateFilters.js
31.3.2025, 17:55:00 - /assets/js/components/inputData.js
31.3.2025, 17:55:00 - /assets/js/golbalData.js
31.3.2025, 17:55:00 - /assets/js/dom.js
31.3.2025, 17:55:00 - /assets/js/components/selectbox.js
31.3.2025, 17:55:00 - /assets/js/components/checkboxes.js
31.3.2025, 17:55:00 - /assets/images/VMS_Icon.jpg
31.3.2025, 17:58:36 - /
31.3.2025, 17:58:36 - /assets/js/index.js
31.3.2025, 17:58:36 - /styles.css
31.3.2025, 17:58:36 - /assets/js/elements.js
31.3.2025, 17:58:36 - /assets/js/utils/addCar.js
31.3.2025, 17:58:36 - /assets/js/utils/logIn.js
31.3.2025, 17:58:36 - /assets/js/utils/addUser.js
31.3.2025, 17:58:36 - /assets/js/helpers/displayCars.js
31.3.2025, 17:58:36 - /assets/js/helpers/applyFilters.js
31.3.2025, 17:58:36 - /assets/js/helpers/populateFilters.js
31.3.2025, 17:58:36 - /assets/js/components/inputData.js
31.3.2025, 17:58:36 - /assets/js/golbalData.js
31.3.2025, 17:58:36 - /assets/js/dom.js
31.3.2025, 17:58:36 - /assets/js/components/selectbox.js
31.3.2025, 17:58:36 - /assets/js/components/checkboxes.js
31.3.2025, 17:58:36 - /assets/images/VMS_Icon.jpg
31.3.2025, 18:02:11 - /
31.3.2025, 18:02:11 - /styles.css
31.3.2025, 18:02:11 - /assets/js/index.js
31.3.2025, 18:02:11 - /assets/js/elements.js
31.3.2025, 18:02:11 - /assets/js/utils/addCar.js
31.3.2025, 18:02:11 - /assets/js/utils/addUser.js
31.3.2025, 18:02:11 - /assets/js/utils/logIn.js
31.3.2025, 18:02:11 - /assets/js/helpers/displayCars.js
31.3.2025, 18:02:11 - /assets/js/helpers/applyFilters.js
31.3.2025, 18:02:11 - /assets/js/helpers/populateFilters.js
31.3.2025, 18:02:11 - /assets/images/VMS_Icon.jpg
31.3.2025, 18:02:11 - /assets/js/golbalData.js
31.3.2025, 18:02:11 - /assets/js/components/inputData.js
31.3.2025, 18:02:11 - /assets/js/dom.js
31.3.2025, 18:02:11 - /assets/js/components/selectbox.js
31.3.2025, 18:02:11 - /assets/js/components/checkboxes.js
31.3.2025, 18:04:06 - /
31.3.2025, 18:04:06 - /styles.css
31.3.2025, 18:04:06 - /assets/js/index.js
31.3.2025, 18:04:06 - /assets/js/elements.js
31.3.2025, 18:04:06 - /assets/js/utils/addCar.js
31.3.2025, 18:04:06 - /assets/js/utils/addUser.js
31.3.2025, 18:04:06 - /assets/js/utils/logIn.js
31.3.2025, 18:04:06 - /assets/js/helpers/displayCars.js
31.3.2025, 18:04:06 - /assets/js/helpers/applyFilters.js
31.3.2025, 18:04:06 - /assets/js/helpers/populateFilters.js
31.3.2025, 18:04:06 - /assets/images/VMS_Icon.jpg
31.3.2025, 18:04:06 - /assets/js/components/inputData.js
31.3.2025, 18:04:06 - /assets/js/golbalData.js
31.3.2025, 18:04:06 - /assets/js/dom.js
31.3.2025, 18:04:06 - /assets/js/components/selectbox.js
31.3.2025, 18:04:06 - /assets/js/components/checkboxes.js
31.3.2025, 18:08:50 - /
31.3.2025, 18:08:50 - /styles.css
31.3.2025, 18:08:50 - /assets/js/index.js
31.3.2025, 18:08:50 - /assets/js/elements.js
31.3.2025, 18:08:50 - /assets/js/utils/addCar.js
31.3.2025, 18:08:50 - /assets/js/utils/addUser.js
31.3.2025, 18:08:50 - /assets/js/utils/logIn.js
31.3.2025, 18:08:50 - /assets/js/helpers/displayCars.js
31.3.2025, 18:08:50 - /assets/js/helpers/applyFilters.js
31.3.2025, 18:08:50 - /assets/js/helpers/populateFilters.js
31.3.2025, 18:08:50 - /assets/images/VMS_Icon.jpg
31.3.2025, 18:08:50 - /assets/js/components/selectbox.js
31.3.2025, 18:08:50 - /assets/js/components/inputData.js
31.3.2025, 18:08:50 - /assets/js/components/checkboxes.js
31.3.2025, 18:08:50 - /assets/js/golbalData.js
31.3.2025, 18:08:50 - /assets/js/dom.js
31.3.2025, 18:08:50 - /assets/json/sample_cars.json
31.3.2025, 18:08:50 - /assets/images/bmw-5er.jpg
31.3.2025, 18:08:50 - /assets/images/volkswagen-polo.jpg
31.3.2025, 18:08:50 - /assets/images/volkswagen-golf.jpg
31.3.2025, 18:08:50 - /assets/images/audi-a4.jpg
31.3.2025, 18:08:50 - /assets/images/mercedes-benz-c-klasse.jpg
31.3.2025, 18:08:50 - /assets/images/audi-a3.jpg
31.3.2025, 18:08:50 - /assets/images/audi-a4_nnn.jpg
31.3.2025, 18:08:50 - /assets/images/ford-mustang.jpg
31.3.2025, 18:08:50 - /assets/images/mercedes-benz-e-klasse.jpg
31.3.2025, 18:08:50 - /assets/images/ford-mustang_nnn.jpg
31.3.2025, 18:08:50 - /assets/images/ford-focus-blue.jpg
31.3.2025, 18:08:50 - /assets/images/ford-fiesta.jpg
31.3.2025, 18:08:50 - /assets/images/volkswagen-golf-red.jpg
31.3.2025, 18:08:50 - /assets/images/audi-a4-black.jpg
31.3.2025, 18:08:50 - /assets/images/mercedes-benz-s-klasse.jpg
31.3.2025, 18:08:50 - /assets/images/mercedes-benz-glc.jpg
31.3.2025, 18:08:50 - /assets/images/bmw-x3.jpg
31.3.2025, 18:08:50 - /assets/images/volkswagen-passat.jpg
31.3.2025, 18:08:50 - /assets/images/mercedes-benz-glc-red.jpg
31.3.2025, 18:08:50 - /assets/images/vw_passat.jpg
31.3.2025, 18:08:50 - /assets/images/87cc2be037c24032.jpg
31.3.2025, 18:11:37 - /
31.3.2025, 18:11:37 - /styles.css
31.3.2025, 18:11:37 - /assets/js/index.js
31.3.2025, 18:11:37 - /assets/js/elements.js
31.3.2025, 18:11:37 - /assets/js/utils/addCar.js
31.3.2025, 18:11:37 - /assets/js/utils/addUser.js
31.3.2025, 18:11:37 - /assets/js/utils/logIn.js
31.3.2025, 18:11:37 - /assets/js/helpers/displayCars.js
31.3.2025, 18:11:37 - /assets/js/helpers/applyFilters.js
31.3.2025, 18:11:37 - /assets/js/helpers/populateFilters.js
31.3.2025, 18:11:37 - /assets/js/components/inputData.js
31.3.2025, 18:11:37 - /assets/js/golbalData.js
31.3.2025, 18:11:37 - /assets/js/dom.js
31.3.2025, 18:11:37 - /assets/js/components/selectbox.js
31.3.2025, 18:11:37 - /assets/js/components/checkboxes.js
31.3.2025, 18:11:37 - /assets/images/VMS_Icon.jpg
31.3.2025, 18:11:37 - /assets/json/sample_cars.json
31.3.2025, 18:11:37 - /assets/images/bmw-5er.jpg
31.3.2025, 18:11:37 - /assets/images/volkswagen-polo.jpg
31.3.2025, 18:11:37 - /assets/images/volkswagen-golf.jpg
31.3.2025, 18:11:37 - /assets/images/audi-a4.jpg
31.3.2025, 18:11:37 - /assets/images/mercedes-benz-c-klasse.jpg
31.3.2025, 18:11:37 - /assets/images/audi-a3.jpg
31.3.2025, 18:11:37 - /assets/images/audi-a4_nnn.jpg
31.3.2025, 18:11:37 - /assets/images/ford-mustang.jpg
31.3.2025, 18:11:37 - /assets/images/mercedes-benz-e-klasse.jpg
31.3.2025, 18:11:37 - /assets/images/ford-mustang_nnn.jpg
31.3.2025, 18:11:37 - /assets/images/audi-a4-black.jpg
31.3.2025, 18:11:37 - /assets/images/ford-focus-blue.jpg
31.3.2025, 18:11:37 - /assets/images/ford-fiesta.jpg
31.3.2025, 18:11:37 - /assets/images/volkswagen-golf-red.jpg
31.3.2025, 18:11:37 - /assets/images/mercedes-benz-s-klasse.jpg
31.3.2025, 18:11:37 - /assets/images/mercedes-benz-glc.jpg
31.3.2025, 18:11:37 - /assets/images/bmw-x3.jpg
31.3.2025, 18:11:37 - /assets/images/volkswagen-passat.jpg
31.3.2025, 18:11:37 - /assets/images/mercedes-benz-glc-red.jpg
31.3.2025, 18:11:37 - /assets/images/87cc2be037c24032.jpg
31.3.2025, 18:11:37 - /assets/images/vw_passat.jpg
31.3.2025, 21:30:31 - /
31.3.2025, 21:30:31 - /styles.css
31.3.2025, 21:30:31 - /assets/js/index.js
31.3.2025, 21:30:31 - /assets/js/elements.js
31.3.2025, 21:30:31 - /assets/js/utils/addUser.js
31.3.2025, 21:30:31 - /assets/js/utils/addCar.js
31.3.2025, 21:30:31 - /assets/js/helpers/populateFilters.js
31.3.2025, 21:30:31 - /assets/js/utils/logIn.js
31.3.2025, 21:30:31 - /assets/js/helpers/displayCars.js
31.3.2025, 21:30:31 - /assets/js/helpers/applyFilters.js
31.3.2025, 21:30:31 - /assets/images/VMS_Icon.jpg
31.3.2025, 21:30:31 - /assets/js/components/selectbox.js
31.3.2025, 21:30:31 - /assets/js/components/inputData.js
31.3.2025, 21:30:31 - /assets/js/components/checkboxes.js
31.3.2025, 21:30:31 - /assets/js/golbalData.js
31.3.2025, 21:30:31 - /assets/js/dom.js
31.3.2025, 21:30:32 - /assets/json/sample_cars.json
31.3.2025, 21:30:32 - /assets/images/bmw-5er.jpg
31.3.2025, 21:30:32 - /assets/images/volkswagen-polo.jpg
31.3.2025, 21:30:32 - /assets/images/volkswagen-golf.jpg
31.3.2025, 21:30:32 - /assets/images/audi-a4.jpg
31.3.2025, 21:30:32 - /assets/images/mercedes-benz-c-klasse.jpg
31.3.2025, 21:30:32 - /assets/images/audi-a3.jpg
31.3.2025, 21:30:32 - /assets/images/audi-a4_nnn.jpg
31.3.2025, 21:30:32 - /assets/images/ford-mustang.jpg
31.3.2025, 21:30:32 - /assets/images/mercedes-benz-e-klasse.jpg
31.3.2025, 21:30:32 - /assets/images/ford-mustang_nnn.jpg
31.3.2025, 21:30:32 - /assets/images/audi-a4-black.jpg
31.3.2025, 21:30:32 - /assets/images/ford-focus-blue.jpg
31.3.2025, 21:30:32 - /assets/images/ford-fiesta.jpg
31.3.2025, 21:30:32 - /assets/images/volkswagen-golf-red.jpg
31.3.2025, 21:30:32 - /assets/images/mercedes-benz-s-klasse.jpg
31.3.2025, 21:30:32 - /assets/images/mercedes-benz-glc.jpg
31.3.2025, 21:30:32 - /assets/images/bmw-x3.jpg
31.3.2025, 21:30:32 - /assets/images/volkswagen-passat.jpg
31.3.2025, 21:30:32 - /assets/images/mercedes-benz-glc-red.jpg
31.3.2025, 21:30:32 - /assets/images/vw_passat.jpg
31.3.2025, 21:30:32 - /assets/images/87cc2be037c24032.jpg
31.3.2025, 21:30:37 - /assets/json/users.json
