31.3.2025, 12:26:34 - / - 404
31.3.2025, 12:28:25 - / - 404
31.3.2025, 12:28:27 - / - 404
31.3.2025, 12:28:30 - / - 404
31.3.2025, 12:28:32 - / - 404
31.3.2025, 12:39:46 - / - 404
31.3.2025, 14:12:39 - /assets/js/addUser.js - 404
31.3.2025, 14:12:39 - /assets/js/logIn.js - 404
31.3.2025, 14:12:39 - /assets/js/addCar.js - 404
31.3.2025, 14:12:39 - /favicon.ico - 404
31.3.2025, 14:14:08 - /assets/js/logIn.js - 404
31.3.2025, 14:14:08 - /assets/js/utils/elements.js - 404
31.3.2025, 14:14:08 - /assets/js/utils/components/inputData.js - 404
31.3.2025, 14:14:08 - /assets/js/utils/components/selectbox.js - 404
31.3.2025, 14:14:08 - /assets/js/utils/components/checkboxes.js - 404
31.3.2025, 14:14:08 - /assets/js/utils/golbalData.js - 404
31.3.2025, 14:16:30 - /assets/js/logIn.js - 404
31.3.2025, 14:16:30 - /assets/js/utils/elements.js - 404
31.3.2025, 14:16:30 - /assets/js/utils/components/inputData.js - 404
31.3.2025, 14:16:30 - /assets/js/utils/golbalData.js - 404
31.3.2025, 14:17:19 - /assets/js/logIn.js - 404
31.3.2025, 14:18:43 - /assets/js/logIn.js - 404
31.3.2025, 14:18:43 - /assets/js/utils/elements.js - 404
31.3.2025, 14:18:43 - /assets/js/utils/components/selectbox.js - 404
31.3.2025, 14:18:43 - /assets/js/utils/components/inputData.js - 404
31.3.2025, 14:18:43 - /assets/js/utils/components/checkboxes.js - 404
31.3.2025, 14:18:43 - /assets/js/utils/golbalData.js - 404
31.3.2025, 14:19:37 - /assets/js/logIn.js - 404
31.3.2025, 14:21:01 - /assets/js/logIn.js - 404
31.3.2025, 14:21:04 - /assets/js/utils/addCar.js - 404
31.3.2025, 14:21:04 - /assets/js/utils/logIn.js - 404
31.3.2025, 14:21:04 - /assets/js/utils/addUser.js - 404
31.3.2025, 14:21:04 - /assets/js/logIn.js - 404
31.3.2025, 14:22:58 - /assets/js/utils/elements.js - 404
31.3.2025, 14:22:58 - /assets/js/utils/components/selectbox.js - 404
31.3.2025, 14:22:58 - /assets/js/utils/components/inputData.js - 404
31.3.2025, 14:22:58 - /assets/js/utils/golbalData.js - 404
31.3.2025, 14:22:58 - /assets/js/utils/components/checkboxes.js - 404
